This is pdfTeX, Version 3.14159265-2.6-1.40.19 (TeX Live 2019/dev/Debian) (preloaded format=pdflatex 2023.6.7)  7 MAY 2026 14:14
entering extended mode
 restricted \write18 enabled.
 %&-line parsing enabled.
**SaavedraGarfias_poster_EGU2026.tex
(./SaavedraGarfias_poster_EGU2026.tex
LaTeX2e <2018-12-01>
(./baposter.cls
Document Class: baposter 2011/11/26 v2.0 baposter class
(/usr/share/texlive/texmf-dist/tex/latex/base/article.cls
Document Class: article 2018/09/03 v1.4i Standard LaTeX document class
(/usr/share/texlive/texmf-dist/tex/latex/base/size10.clo
File: size10.clo 2018/09/03 v1.4i Standard LaTeX file (size option)
)
\c@part=\count80
\c@section=\count81
\c@subsection=\count82
\c@subsubsection=\count83
\c@paragraph=\count84
\c@subparagraph=\count85
\c@figure=\count86
\c@table=\count87
\abovecaptionskip=\skip41
\belowcaptionskip=\skip42
\bibindent=\dimen102
)
baposter: Brian Amberg, 2007, 2008, 2009, 2010, 2011 | http://www.brian-amberg.
de/uni/poster/
baposter: Reinhold Kainhofer, 2011 | http://reinhold.kainhofer.com/
\baposter@basepaperwidth=\skip43
\baposter@basepaperheight=\skip44
\baposter@basemargin=\skip45
\baposter@finalpaperwidth=\skip46
\baposter@finalpaperheight=\skip47
\baposter@finalmargin=\skip48
\headerheight=\skip49
\colwidth=\skip50
\colheight=\skip51
\baposter@@colspacing=\skip52
\baposter@box@@cornerradius=\skip53
\baposter@box@@boxheaderheight=\skip54
\baposter@box@@boxpadding=\skip55
\boxstartx=\skip56
\boxstarty=\skip57
\boxwidth=\skip58
\boxheight=\skip59
\baposter@titleimage@left@width=\skip60
\baposter@titleimage@right@width=\skip61
\baposter@titleimage@textwidth=\skip62
\baposter@box@content=\box27
\baposter@titleimage@left=\box28
\baposter@titleimage@title=\box29
\baposter@titleimage@right=\box30
Use Packages
(/usr/share/texlive/texmf-dist/tex/latex/xkeyval/xkeyval.sty
Package: xkeyval 2014/12/03 v2.7a package option processing (HA)

(/usr/share/texlive/texmf-dist/tex/generic/xkeyval/xkeyval.tex
(/usr/share/texlive/texmf-dist/tex/generic/xkeyval/xkvutils.tex
\XKV@toks=\toks14
\XKV@tempa@toks=\toks15

(/usr/share/texlive/texmf-dist/tex/generic/xkeyval/keyval.tex))
\XKV@depth=\count88
File: xkeyval.tex 2014/12/03 v2.7a key=value parser (HA)
))
(/usr/share/texlive/texmf-dist/tex/latex/tools/calc.sty
Package: calc 2017/05/25 v4.3 Infix arithmetic (KKT,FJ)
\calc@Acount=\count89
\calc@Bcount=\count90
\calc@Adimen=\dimen103
\calc@Bdimen=\dimen104
\calc@Askip=\skip63
\calc@Bskip=\skip64
LaTeX Info: Redefining \setlength on input line 80.
LaTeX Info: Redefining \addtolength on input line 81.
\calc@Ccount=\count91
\calc@Cskip=\skip65
)
(/usr/share/texlive/texmf-dist/tex/latex/xcolor/xcolor.sty
Package: xcolor 2016/05/11 v2.12 LaTeX color extensions (UK)

(/usr/share/texlive/texmf-dist/tex/latex/graphics-cfg/color.cfg
File: color.cfg 2016/01/02 v1.6 sample color configuration
)
Package xcolor Info: Driver file: pdftex.def on input line 225.

(/usr/share/texlive/texmf-dist/tex/latex/graphics-def/pdftex.def
File: pdftex.def 2018/01/08 v1.0l Graphics/color driver for pdftex
)
Package xcolor Info: Model `cmy' substituted by `cmy0' on input line 1348.
Package xcolor Info: Model `hsb' substituted by `rgb' on input line 1352.
Package xcolor Info: Model `RGB' extended on input line 1364.
Package xcolor Info: Model `HTML' substituted by `rgb' on input line 1366.
Package xcolor Info: Model `Hsb' substituted by `hsb' on input line 1367.
Package xcolor Info: Model `tHsb' substituted by `hsb' on input line 1368.
Package xcolor Info: Model `HSB' substituted by `hsb' on input line 1369.
Package xcolor Info: Model `Gray' substituted by `gray' on input line 1370.
Package xcolor Info: Model `wave' substituted by `hsb' on input line 1371.
)
(/usr/share/texlive/texmf-dist/tex/latex/pgf/frontendlayer/tikz.sty
(/usr/share/texlive/texmf-dist/tex/latex/pgf/basiclayer/pgf.sty
(/usr/share/texlive/texmf-dist/tex/latex/pgf/utilities/pgfrcs.sty
(/usr/share/texlive/texmf-dist/tex/generic/pgf/utilities/pgfutil-common.tex
\pgfutil@everybye=\toks16
\pgfutil@tempdima=\dimen105
\pgfutil@tempdimb=\dimen106

(/usr/share/texlive/texmf-dist/tex/generic/pgf/utilities/pgfutil-common-lists.t
ex)) (/usr/share/texlive/texmf-dist/tex/generic/pgf/utilities/pgfutil-latex.def
\pgfutil@abb=\box31
(/usr/share/texlive/texmf-dist/tex/latex/ms/everyshi.sty
Package: everyshi 2001/05/15 v3.00 EveryShipout Package (MS)
))
(/usr/share/texlive/texmf-dist/tex/generic/pgf/utilities/pgfrcs.code.tex
(/usr/share/texlive/texmf-dist/tex/generic/pgf/pgf.revision.tex)
Package: pgfrcs 2019/02/02 v3.1.1 (3.1.1)
))
Package: pgf 2019/02/02 v3.1.1 (3.1.1)

(/usr/share/texlive/texmf-dist/tex/latex/pgf/basiclayer/pgfcore.sty
(/usr/share/texlive/texmf-dist/tex/latex/graphics/graphicx.sty
Package: graphicx 2017/06/01 v1.1a Enhanced LaTeX Graphics (DPC,SPQR)

(/usr/share/texlive/texmf-dist/tex/latex/graphics/graphics.sty
Package: graphics 2017/06/25 v1.2c Standard LaTeX Graphics (DPC,SPQR)

(/usr/share/texlive/texmf-dist/tex/latex/graphics/trig.sty
Package: trig 2016/01/03 v1.10 sin cos tan (DPC)
)
(/usr/share/texlive/texmf-dist/tex/latex/graphics-cfg/graphics.cfg
File: graphics.cfg 2016/06/04 v1.11 sample graphics configuration
)
Package graphics Info: Driver file: pdftex.def on input line 99.
)
\Gin@req@height=\dimen107
\Gin@req@width=\dimen108
)
(/usr/share/texlive/texmf-dist/tex/latex/pgf/systemlayer/pgfsys.sty
(/usr/share/texlive/texmf-dist/tex/generic/pgf/systemlayer/pgfsys.code.tex
Package: pgfsys 2019/02/02 v3.1.1 (3.1.1)

(/usr/share/texlive/texmf-dist/tex/generic/pgf/utilities/pgfkeys.code.tex
\pgfkeys@pathtoks=\toks17
\pgfkeys@temptoks=\toks18

(/usr/share/texlive/texmf-dist/tex/generic/pgf/utilities/pgfkeysfiltered.code.t
ex
\pgfkeys@tmptoks=\toks19
))
\pgf@x=\dimen109
\pgf@y=\dimen110
\pgf@xa=\dimen111
\pgf@ya=\dimen112
\pgf@xb=\dimen113
\pgf@yb=\dimen114
\pgf@xc=\dimen115
\pgf@yc=\dimen116
\w@pgf@writea=\write3
\r@pgf@reada=\read1
\c@pgf@counta=\count92
\c@pgf@countb=\count93
\c@pgf@countc=\count94
\c@pgf@countd=\count95
\t@pgf@toka=\toks20
\t@pgf@tokb=\toks21
\t@pgf@tokc=\toks22
\pgf@sys@id@count=\count96
 (/usr/share/texlive/texmf-dist/tex/generic/pgf/systemlayer/pgf.cfg
File: pgf.cfg 2019/02/02 v3.1.1 (3.1.1)
)
Driver file for pgf: pgfsys-pdftex.def

(/usr/share/texlive/texmf-dist/tex/generic/pgf/systemlayer/pgfsys-pdftex.def
File: pgfsys-pdftex.def 2019/02/02 v3.1.1 (3.1.1)

(/usr/share/texlive/texmf-dist/tex/generic/pgf/systemlayer/pgfsys-common-pdf.de
f
File: pgfsys-common-pdf.def 2019/02/02 v3.1.1 (3.1.1)
)))
(/usr/share/texlive/texmf-dist/tex/generic/pgf/systemlayer/pgfsyssoftpath.code.
tex
File: pgfsyssoftpath.code.tex 2019/02/02 v3.1.1 (3.1.1)
\pgfsyssoftpath@smallbuffer@items=\count97
\pgfsyssoftpath@bigbuffer@items=\count98
)
(/usr/share/texlive/texmf-dist/tex/generic/pgf/systemlayer/pgfsysprotocol.code.
tex
File: pgfsysprotocol.code.tex 2019/02/02 v3.1.1 (3.1.1)
))
(/usr/share/texlive/texmf-dist/tex/generic/pgf/basiclayer/pgfcore.code.tex
Package: pgfcore 2019/02/02 v3.1.1 (3.1.1)

(/usr/share/texlive/texmf-dist/tex/generic/pgf/math/pgfmath.code.tex
(/usr/share/texlive/texmf-dist/tex/generic/pgf/math/pgfmathcalc.code.tex
(/usr/share/texlive/texmf-dist/tex/generic/pgf/math/pgfmathutil.code.tex)
(/usr/share/texlive/texmf-dist/tex/generic/pgf/math/pgfmathparser.code.tex
\pgfmath@dimen=\dimen117
\pgfmath@count=\count99
\pgfmath@box=\box32
\pgfmath@toks=\toks23
\pgfmath@stack@operand=\toks24
\pgfmath@stack@operation=\toks25
)
(/usr/share/texlive/texmf-dist/tex/generic/pgf/math/pgfmathfunctions.code.tex
(/usr/share/texlive/texmf-dist/tex/generic/pgf/math/pgfmathfunctions.basic.code
.tex)
(/usr/share/texlive/texmf-dist/tex/generic/pgf/math/pgfmathfunctions.trigonomet
ric.code.tex)
(/usr/share/texlive/texmf-dist/tex/generic/pgf/math/pgfmathfunctions.random.cod
e.tex)
(/usr/share/texlive/texmf-dist/tex/generic/pgf/math/pgfmathfunctions.comparison
.code.tex)
(/usr/share/texlive/texmf-dist/tex/generic/pgf/math/pgfmathfunctions.base.code.
tex)
(/usr/share/texlive/texmf-dist/tex/generic/pgf/math/pgfmathfunctions.round.code
.tex)
(/usr/share/texlive/texmf-dist/tex/generic/pgf/math/pgfmathfunctions.misc.code.
tex)
(/usr/share/texlive/texmf-dist/tex/generic/pgf/math/pgfmathfunctions.integerari
thmetics.code.tex)))
(/usr/share/texlive/texmf-dist/tex/generic/pgf/math/pgfmathfloat.code.tex
\c@pgfmathroundto@lastzeros=\count100
))
(/usr/share/texlive/texmf-dist/tex/generic/pgf/basiclayer/pgfcorepoints.code.te
x
File: pgfcorepoints.code.tex 2019/02/02 v3.1.1 (3.1.1)
\pgf@picminx=\dimen118
\pgf@picmaxx=\dimen119
\pgf@picminy=\dimen120
\pgf@picmaxy=\dimen121
\pgf@pathminx=\dimen122
\pgf@pathmaxx=\dimen123
\pgf@pathminy=\dimen124
\pgf@pathmaxy=\dimen125
\pgf@xx=\dimen126
\pgf@xy=\dimen127
\pgf@yx=\dimen128
\pgf@yy=\dimen129
\pgf@zx=\dimen130
\pgf@zy=\dimen131
)
(/usr/share/texlive/texmf-dist/tex/generic/pgf/basiclayer/pgfcorepathconstruct.
code.tex
File: pgfcorepathconstruct.code.tex 2019/02/02 v3.1.1 (3.1.1)
\pgf@path@lastx=\dimen132
\pgf@path@lasty=\dimen133
)
(/usr/share/texlive/texmf-dist/tex/generic/pgf/basiclayer/pgfcorepathusage.code
.tex
File: pgfcorepathusage.code.tex 2019/02/02 v3.1.1 (3.1.1)
\pgf@shorten@end@additional=\dimen134
\pgf@shorten@start@additional=\dimen135
)
(/usr/share/texlive/texmf-dist/tex/generic/pgf/basiclayer/pgfcorescopes.code.te
x
File: pgfcorescopes.code.tex 2019/02/02 v3.1.1 (3.1.1)
\pgfpic=\box33
\pgf@hbox=\box34
\pgf@layerbox@main=\box35
\pgf@picture@serial@count=\count101
)
(/usr/share/texlive/texmf-dist/tex/generic/pgf/basiclayer/pgfcoregraphicstate.c
ode.tex
File: pgfcoregraphicstate.code.tex 2019/02/02 v3.1.1 (3.1.1)
\pgflinewidth=\dimen136
)
(/usr/share/texlive/texmf-dist/tex/generic/pgf/basiclayer/pgfcoretransformation
s.code.tex
File: pgfcoretransformations.code.tex 2019/02/02 v3.1.1 (3.1.1)
\pgf@pt@x=\dimen137
\pgf@pt@y=\dimen138
\pgf@pt@temp=\dimen139
)
(/usr/share/texlive/texmf-dist/tex/generic/pgf/basiclayer/pgfcorequick.code.tex
File: pgfcorequick.code.tex 2019/02/02 v3.1.1 (3.1.1)
)
(/usr/share/texlive/texmf-dist/tex/generic/pgf/basiclayer/pgfcoreobjects.code.t
ex
File: pgfcoreobjects.code.tex 2019/02/02 v3.1.1 (3.1.1)
)
(/usr/share/texlive/texmf-dist/tex/generic/pgf/basiclayer/pgfcorepathprocessing
.code.tex
File: pgfcorepathprocessing.code.tex 2019/02/02 v3.1.1 (3.1.1)
)
(/usr/share/texlive/texmf-dist/tex/generic/pgf/basiclayer/pgfcorearrows.code.te
x
File: pgfcorearrows.code.tex 2019/02/02 v3.1.1 (3.1.1)
\pgfarrowsep=\dimen140
)
(/usr/share/texlive/texmf-dist/tex/generic/pgf/basiclayer/pgfcoreshade.code.tex
File: pgfcoreshade.code.tex 2019/02/02 v3.1.1 (3.1.1)
\pgf@max=\dimen141
\pgf@sys@shading@range@num=\count102
)
(/usr/share/texlive/texmf-dist/tex/generic/pgf/basiclayer/pgfcoreimage.code.tex
File: pgfcoreimage.code.tex 2019/02/02 v3.1.1 (3.1.1)

(/usr/share/texlive/texmf-dist/tex/generic/pgf/basiclayer/pgfcoreexternal.code.
tex
File: pgfcoreexternal.code.tex 2019/02/02 v3.1.1 (3.1.1)
\pgfexternal@startupbox=\box36
))
(/usr/share/texlive/texmf-dist/tex/generic/pgf/basiclayer/pgfcorelayers.code.te
x
File: pgfcorelayers.code.tex 2019/02/02 v3.1.1 (3.1.1)
)
(/usr/share/texlive/texmf-dist/tex/generic/pgf/basiclayer/pgfcoretransparency.c
ode.tex
File: pgfcoretransparency.code.tex 2019/02/02 v3.1.1 (3.1.1)
)
(/usr/share/texlive/texmf-dist/tex/generic/pgf/basiclayer/pgfcorepatterns.code.
tex
File: pgfcorepatterns.code.tex 2019/02/02 v3.1.1 (3.1.1)
)
(/usr/share/texlive/texmf-dist/tex/generic/pgf/basiclayer/pgfcorerdf.code.tex
File: pgfcorerdf.code.tex 2019/02/02 v3.1.1 (3.1.1)
)))
(/usr/share/texlive/texmf-dist/tex/generic/pgf/modules/pgfmoduleshapes.code.tex
File: pgfmoduleshapes.code.tex 2019/02/02 v3.1.1 (3.1.1)
\pgfnodeparttextbox=\box37
) (/usr/share/texlive/texmf-dist/tex/generic/pgf/modules/pgfmoduleplot.code.tex
File: pgfmoduleplot.code.tex 2019/02/02 v3.1.1 (3.1.1)
)
(/usr/share/texlive/texmf-dist/tex/latex/pgf/compatibility/pgfcomp-version-0-65
.sty
Package: pgfcomp-version-0-65 2019/02/02 v3.1.1 (3.1.1)
\pgf@nodesepstart=\dimen142
\pgf@nodesepend=\dimen143
)
(/usr/share/texlive/texmf-dist/tex/latex/pgf/compatibility/pgfcomp-version-1-18
.sty
Package: pgfcomp-version-1-18 2019/02/02 v3.1.1 (3.1.1)
)) (/usr/share/texlive/texmf-dist/tex/latex/pgf/utilities/pgffor.sty
(/usr/share/texlive/texmf-dist/tex/latex/pgf/utilities/pgfkeys.sty
(/usr/share/texlive/texmf-dist/tex/generic/pgf/utilities/pgfkeys.code.tex))
(/usr/share/texlive/texmf-dist/tex/latex/pgf/math/pgfmath.sty
(/usr/share/texlive/texmf-dist/tex/generic/pgf/math/pgfmath.code.tex))
(/usr/share/texlive/texmf-dist/tex/generic/pgf/utilities/pgffor.code.tex
Package: pgffor 2019/02/02 v3.1.1 (3.1.1)

(/usr/share/texlive/texmf-dist/tex/generic/pgf/math/pgfmath.code.tex)
\pgffor@iter=\dimen144
\pgffor@skip=\dimen145
\pgffor@stack=\toks26
\pgffor@toks=\toks27
))
(/usr/share/texlive/texmf-dist/tex/generic/pgf/frontendlayer/tikz/tikz.code.tex
Package: tikz 2019/02/02 v3.1.1 (3.1.1)

(/usr/share/texlive/texmf-dist/tex/generic/pgf/libraries/pgflibraryplothandlers
.code.tex
File: pgflibraryplothandlers.code.tex 2019/02/02 v3.1.1 (3.1.1)
\pgf@plot@mark@count=\count103
\pgfplotmarksize=\dimen146
)
\tikz@lastx=\dimen147
\tikz@lasty=\dimen148
\tikz@lastxsaved=\dimen149
\tikz@lastysaved=\dimen150
\tikzleveldistance=\dimen151
\tikzsiblingdistance=\dimen152
\tikz@figbox=\box38
\tikz@figbox@bg=\box39
\tikz@tempbox=\box40
\tikz@tempbox@bg=\box41
\tikztreelevel=\count104
\tikznumberofchildren=\count105
\tikznumberofcurrentchild=\count106
\tikz@fig@count=\count107

(/usr/share/texlive/texmf-dist/tex/generic/pgf/modules/pgfmodulematrix.code.tex
File: pgfmodulematrix.code.tex 2019/02/02 v3.1.1 (3.1.1)
\pgfmatrixcurrentrow=\count108
\pgfmatrixcurrentcolumn=\count109
\pgf@matrix@numberofcolumns=\count110
)
\tikz@expandcount=\count111

(/usr/share/texlive/texmf-dist/tex/generic/pgf/frontendlayer/tikz/libraries/tik
zlibrarytopaths.code.tex
File: tikzlibrarytopaths.code.tex 2019/02/02 v3.1.1 (3.1.1)
)))
(/usr/share/texlive/texmf-dist/tex/latex/base/ifthen.sty
Package: ifthen 2014/09/29 v1.1c Standard LaTeX ifthen package (DPC)
)
(/usr/share/texlive/texmf-dist/tex/latex/base/fontenc.sty
Package: fontenc 2018/08/11 v2.0j Standard LaTeX package

(/usr/share/texlive/texmf-dist/tex/latex/base/t1enc.def
File: t1enc.def 2018/08/11 v2.0j Standard LaTeX file
LaTeX Font Info:    Redeclaring font encoding T1 on input line 48.
))
(/usr/share/texlive/texmf-dist/tex/generic/pgf/frontendlayer/tikz/libraries/tik
zlibrarydecorations.code.tex
(/usr/share/texlive/texmf-dist/tex/generic/pgf/modules/pgfmoduledecorations.cod
e.tex
\pgfdecoratedcompleteddistance=\dimen153
\pgfdecoratedremainingdistance=\dimen154
\pgfdecoratedinputsegmentcompleteddistance=\dimen155
\pgfdecoratedinputsegmentremainingdistance=\dimen156
\pgf@decorate@distancetomove=\dimen157
\pgf@decorate@repeatstate=\count112
\pgfdecorationsegmentamplitude=\dimen158
\pgfdecorationsegmentlength=\dimen159
)
\tikz@lib@dec@box=\box42
)
(/usr/share/texlive/texmf-dist/tex/generic/pgf/frontendlayer/tikz/libraries/tik
zlibraryfadings.code.tex
File: tikzlibraryfadings.code.tex 2019/02/02 v3.1.1 (3.1.1)

(/usr/share/texlive/texmf-dist/tex/generic/pgf/libraries/pgflibraryfadings.code
.tex
File: pgflibraryfadings.code.tex 2019/02/02 v3.1.1 (3.1.1)
))
(/usr/share/texlive/texmf-dist/tex/generic/pgf/frontendlayer/tikz/libraries/tik
zlibrarysnakes.code.tex
File: tikzlibrarysnakes.code.tex 2019/02/02 v3.1.1 (3.1.1)


Package pgf Warning: Snakes have been superseded by decorations. Please use the
 decoration libraries instead of the snakes library on input line 14.


(/usr/share/texlive/texmf-dist/tex/generic/pgf/frontendlayer/tikz/libraries/tik
zlibrarydecorations.pathmorphing.code.tex
(/usr/share/texlive/texmf-dist/tex/generic/pgf/libraries/decorations/pgflibrary
decorations.pathmorphing.code.tex))
(/usr/share/texlive/texmf-dist/tex/generic/pgf/frontendlayer/tikz/libraries/tik
zlibrarydecorations.pathreplacing.code.tex
(/usr/share/texlive/texmf-dist/tex/generic/pgf/libraries/decorations/pgflibrary
decorations.pathreplacing.code.tex))
(/usr/share/texlive/texmf-dist/tex/generic/pgf/frontendlayer/tikz/libraries/tik
zlibrarydecorations.shapes.code.tex
(/usr/share/texlive/texmf-dist/tex/generic/pgf/libraries/decorations/pgflibrary
decorations.shapes.code.tex)))
(/usr/share/texlive/texmf-dist/tex/generic/pgf/frontendlayer/tikz/libraries/tik
zlibrarycalc.code.tex
File: tikzlibrarycalc.code.tex 2019/02/02 v3.1.1 (3.1.1)
)
\baposter@movebody=\skip66
\baposter@basemarginright=\skip67
\baposter@basemarginleft=\skip68

Paperwidth=2392.87677pt
Paperheight=3383.03267pt
BasePaperwidth=1076.78723pt
BasePaperheight=1522.35437pt
(/usr/share/texlive/texmf-dist/tex/latex/geometry/geometry.sty
Package: geometry 2018/04/16 v5.8 Page Geometry

(/usr/share/texlive/texmf-dist/tex/generic/oberdiek/ifpdf.sty
Package: ifpdf 2018/09/07 v3.3 Provides the ifpdf switch
)
(/usr/share/texlive/texmf-dist/tex/generic/oberdiek/ifvtex.sty
Package: ifvtex 2016/05/16 v1.6 Detect VTeX and its facilities (HO)
Package ifvtex Info: VTeX not detected.
)
(/usr/share/texlive/texmf-dist/tex/generic/ifxetex/ifxetex.sty
Package: ifxetex 2010/09/12 v0.6 Provides ifxetex conditional
)
\Gm@cnth=\count113
\Gm@cntv=\count114
\c@Gm@tempcnt=\count115
\Gm@bindingoffset=\dimen160
\Gm@wd@mp=\dimen161
\Gm@odd@mp=\dimen162
\Gm@even@mp=\dimen163
\Gm@layoutwidth=\dimen164
\Gm@layoutheight=\dimen165
\Gm@layouthoffset=\dimen166
\Gm@layoutvoffset=\dimen167
\Gm@dimlist=\toks28
)
(/usr/share/texlive/texmf-dist/tex/latex/pgf/utilities/pgfpages.sty
Package: pgfpages 2011/01/05 ver 0.02
\pgf@logicalpages=\count116
\pgf@firstshipout=\count117
\pgf@lastshipout=\count118
\pgf@currentshipout=\count119
\pgf@cpn=\count120
\pgf@shipoutnextto=\count121
\pgfphysicalheight=\dimen168
\pgfphysicalwidth=\dimen169
\pgfpages@shipoutbox=\box43
)
\pgfpages@box@1=\box44
)
(/usr/share/texlive/texmf-dist/tex/latex/amsmath/amsmath.sty
Package: amsmath 2018/12/01 v2.17b AMS math features
\@mathmargin=\skip69

For additional information on amsmath, use the `?' option.
(/usr/share/texlive/texmf-dist/tex/latex/amsmath/amstext.sty
Package: amstext 2000/06/29 v2.01 AMS text

(/usr/share/texlive/texmf-dist/tex/latex/amsmath/amsgen.sty
File: amsgen.sty 1999/11/30 v2.0 generic functions
\@emptytoks=\toks29
\ex@=\dimen170
))
(/usr/share/texlive/texmf-dist/tex/latex/amsmath/amsbsy.sty
Package: amsbsy 1999/11/29 v1.2d Bold Symbols
\pmbraise@=\dimen171
)
(/usr/share/texlive/texmf-dist/tex/latex/amsmath/amsopn.sty
Package: amsopn 2016/03/08 v2.02 operator names
)
\inf@bad=\count122
LaTeX Info: Redefining \frac on input line 223.
\uproot@=\count123
\leftroot@=\count124
LaTeX Info: Redefining \overline on input line 385.
\classnum@=\count125
\DOTSCASE@=\count126
LaTeX Info: Redefining \ldots on input line 482.
LaTeX Info: Redefining \dots on input line 485.
LaTeX Info: Redefining \cdots on input line 606.
\Mathstrutbox@=\box45
\strutbox@=\box46
\big@size=\dimen172
LaTeX Font Info:    Redeclaring font encoding OML on input line 729.
LaTeX Font Info:    Redeclaring font encoding OMS on input line 730.
\macc@depth=\count127
\c@MaxMatrixCols=\count128
\dotsspace@=\muskip10
\c@parentequation=\count129
\dspbrk@lvl=\count130
\tag@help=\toks30
\row@=\count131
\column@=\count132
\maxfields@=\count133
\andhelp@=\toks31
\eqnshift@=\dimen173
\alignsep@=\dimen174
\tagshift@=\dimen175
\tagwidth@=\dimen176
\totwidth@=\dimen177
\lineht@=\dimen178
\@envbody=\toks32
\multlinegap=\skip70
\multlinetaggap=\skip71
\mathdisplay@stack=\toks33
LaTeX Info: Redefining \[ on input line 2844.
LaTeX Info: Redefining \] on input line 2845.
)
(/usr/share/texlive/texmf-dist/tex/latex/amsfonts/amssymb.sty
Package: amssymb 2013/01/14 v3.01 AMS font symbols

(/usr/share/texlive/texmf-dist/tex/latex/amsfonts/amsfonts.sty
Package: amsfonts 2013/01/14 v3.01 Basic AMSFonts support
\symAMSa=\mathgroup4
\symAMSb=\mathgroup5
LaTeX Font Info:    Overwriting math alphabet `\mathfrak' in version `bold'
(Font)                  U/euf/m/n --> U/euf/b/n on input line 106.
))
(/usr/share/texlive/texmf-dist/tex/latex/relsize/relsize.sty
Package: relsize 2013/03/29 ver 4.1
)
(/usr/share/texlive/texmf-dist/tex/latex/multirow/multirow.sty
Package: multirow 2019/01/01 v2.4 Span multiple rows of a table
\multirow@colwidth=\skip72
\multirow@cntb=\count134
\multirow@dima=\skip73
\bigstrutjot=\dimen179
)
(/usr/share/texlive/texmf-dist/tex/latex/graphics/rotating.sty
Package: rotating 2016/08/11 v2.16d rotated objects in LaTeX
\c@r@tfl@t=\count135
\rotFPtop=\skip74
\rotFPbot=\skip75
\rot@float@box=\box47
\rot@mess@toks=\toks34
)
(/usr/share/texlive/texmf-dist/tex/latex/tools/bm.sty
Package: bm 2017/01/16 v1.2c Bold Symbol Support (DPC/FMi)
\symboldoperators=\mathgroup6
\symboldletters=\mathgroup7
\symboldsymbols=\mathgroup8
LaTeX Font Info:    Redeclaring math alphabet \mathbf on input line 141.
LaTeX Info: Redefining \bm on input line 207.
)
(/usr/share/texlive/texmf-dist/tex/latex/enumitem/enumitem.sty
Package: enumitem 2019/02/04 v3.8 Customized lists
\enitkv@toks@=\toks35
\labelindent=\skip76
\enit@outerparindent=\dimen180
\enit@toks=\toks36
\enit@inbox=\box48
\enit@count@id=\count136
\enitdp@description=\count137
)
(/usr/share/texlive/texmf-dist/tex/latex/booktabs/booktabs.sty
Package: booktabs 2016/04/27 v1.618033 publication quality tables
\heavyrulewidth=\dimen181
\lightrulewidth=\dimen182
\cmidrulewidth=\dimen183
\belowrulesep=\dimen184
\belowbottomsep=\dimen185
\aboverulesep=\dimen186
\abovetopsep=\dimen187
\cmidrulesep=\dimen188
\cmidrulekern=\dimen189
\defaultaddspace=\dimen190
\@cmidla=\count138
\@cmidlb=\count139
\@aboverulesep=\dimen191
\@belowrulesep=\dimen192
\@thisruleclass=\count140
\@lastruleclass=\count141
\@thisrulewidth=\dimen193
)
(/usr/share/texlive/texmf-dist/tex/latex/url/url.sty
\Urlmuskip=\muskip11
Package: url 2013/09/16  ver 3.4  Verb mode for urls, etc.
)
(/usr/share/texlive/texmf-dist/tex/latex/tools/multicol.sty
Package: multicol 2018/12/27 v1.8v multicolumn formatting (FMi)
\c@tracingmulticols=\count142
\mult@box=\box49
\multicol@leftmargin=\dimen194
\c@unbalance=\count143
\c@collectmore=\count144
\doublecol@number=\count145
\multicoltolerance=\count146
\multicolpretolerance=\count147
\full@width=\dimen195
\page@free=\dimen196
\premulticols=\dimen197
\postmulticols=\dimen198
\multicolsep=\skip77
\multicolbaselineskip=\skip78
\partial@page=\box50
\last@line=\box51
\maxbalancingoverflow=\dimen199
\mult@rightbox=\box52
\mult@grightbox=\box53
\mult@gfirstbox=\box54
\mult@firstbox=\box55
\@tempa=\box56
\@tempa=\box57
\@tempa=\box58
\@tempa=\box59
\@tempa=\box60
\@tempa=\box61
\@tempa=\box62
\@tempa=\box63
\@tempa=\box64
\@tempa=\box65
\@tempa=\box66
\@tempa=\box67
\@tempa=\box68
\@tempa=\box69
\@tempa=\box70
\@tempa=\box71
\@tempa=\box72
\c@columnbadness=\count148
\c@finalcolumnbadness=\count149
\last@try=\dimen256
\multicolovershoot=\dimen257
\multicolundershoot=\dimen258
\mult@nat@firstbox=\box73
\colbreak@box=\box74
\mc@col@check@num=\count150
)
(/usr/share/texlive/texmf-dist/tex/latex/caption/subcaption.sty
Package: subcaption 2018/05/01 v1.1-162 Sub-captions (AR)

(/usr/share/texlive/texmf-dist/tex/latex/caption/caption.sty
Package: caption 2018/10/06 v3.3-154 Customizing captions (AR)

(/usr/share/texlive/texmf-dist/tex/latex/caption/caption3.sty
Package: caption3 2018/09/12 v1.8c caption3 kernel (AR)
Package caption3 Info: TeX engine: e-TeX on input line 64.
\captionmargin=\dimen259
\captionmargin@=\dimen260
\captionwidth=\dimen261
\caption@tempdima=\dimen262
\caption@indent=\dimen263
\caption@parindent=\dimen264
\caption@hangindent=\dimen265
)
\c@caption@flags=\count151
\c@ContinuedFloat=\count152
Package caption Info: rotating package is loaded.
)
\c@subfigure=\count153
\c@subtable=\count154
)
(/usr/share/texlive/texmf-dist/tex/latex/hyperref/nameref.sty
Package: nameref 2016/05/21 v2.44 Cross-referencing by name of section

(/usr/share/texlive/texmf-dist/tex/latex/oberdiek/refcount.sty
Package: refcount 2016/05/16 v3.5 Data extraction from label references (HO)

(/usr/share/texlive/texmf-dist/tex/generic/oberdiek/ltxcmds.sty
Package: ltxcmds 2016/05/16 v1.23 LaTeX kernel commands for general use (HO)
)
(/usr/share/texlive/texmf-dist/tex/generic/oberdiek/infwarerr.sty
Package: infwarerr 2016/05/16 v1.4 Providing info/warning/error messages (HO)
))
(/usr/share/texlive/texmf-dist/tex/generic/oberdiek/gettitlestring.sty
Package: gettitlestring 2016/05/16 v1.5 Cleanup title references (HO)

(/usr/share/texlive/texmf-dist/tex/latex/oberdiek/kvoptions.sty
Package: kvoptions 2016/05/16 v3.12 Key value format for package options (HO)

(/usr/share/texlive/texmf-dist/tex/generic/oberdiek/kvsetkeys.sty
Package: kvsetkeys 2016/05/16 v1.17 Key value parser (HO)

(/usr/share/texlive/texmf-dist/tex/generic/oberdiek/etexcmds.sty
Package: etexcmds 2016/05/16 v1.6 Avoid name clashes with e-TeX commands (HO)

(/usr/share/texlive/texmf-dist/tex/generic/oberdiek/ifluatex.sty
Package: ifluatex 2016/05/16 v1.4 Provides the ifluatex switch (HO)
Package ifluatex Info: LuaTeX not detected.
)))))
\c@section@level=\count155
LaTeX Info: Redefining \ref on input line 355.
LaTeX Info: Redefining \pageref on input line 355.
)
(/usr/share/texlive/texmf-dist/tex/latex/psnfss/palatino.sty
Package: palatino 2005/04/12 PSNFSS-v9.2a (SPQR) 
)
(./SaavedraGarfias_poster_EGU2026.aux)
\openout1 = `SaavedraGarfias_poster_EGU2026.aux'.

LaTeX Font Info:    Checking defaults for OML/cmm/m/it on input line 102.
LaTeX Font Info:    ... okay on input line 102.
LaTeX Font Info:    Checking defaults for T1/cmr/m/n on input line 102.
LaTeX Font Info:    ... okay on input line 102.
LaTeX Font Info:    Checking defaults for OT1/cmr/m/n on input line 102.
LaTeX Font Info:    ... okay on input line 102.
LaTeX Font Info:    Checking defaults for OMS/cmsy/m/n on input line 102.
LaTeX Font Info:    ... okay on input line 102.
LaTeX Font Info:    Checking defaults for OMX/cmex/m/n on input line 102.
LaTeX Font Info:    ... okay on input line 102.
LaTeX Font Info:    Checking defaults for U/cmr/m/n on input line 102.
LaTeX Font Info:    ... okay on input line 102.
LaTeX Font Info:    Try loading font information for T1+ppl on input line 102.

(/usr/share/texlive/texmf-dist/tex/latex/psnfss/t1ppl.fd
File: t1ppl.fd 2001/06/04 font definitions for T1/ppl.
)
(/usr/share/texlive/texmf-dist/tex/context/base/mkii/supp-pdf.mkii
[Loading MPS to PDF converter (version 2006.09.02).]
\scratchcounter=\count156
\scratchdimen=\dimen266
\scratchbox=\box75
\nofMPsegments=\count157
\nofMParguments=\count158
\everyMPshowfont=\toks37
\MPscratchCnt=\count159
\MPscratchDim=\dimen267
\MPnumerator=\count160
\makeMPintoPDFobject=\count161
\everyMPtoPDFconversion=\toks38
) (/usr/share/texlive/texmf-dist/tex/latex/oberdiek/epstopdf-base.sty
Package: epstopdf-base 2016/05/15 v2.6 Base part for package epstopdf

(/usr/share/texlive/texmf-dist/tex/latex/oberdiek/grfext.sty
Package: grfext 2016/05/16 v1.2 Manage graphics extensions (HO)

(/usr/share/texlive/texmf-dist/tex/generic/oberdiek/kvdefinekeys.sty
Package: kvdefinekeys 2016/05/16 v1.4 Define keys (HO)
))
(/usr/share/texlive/texmf-dist/tex/generic/oberdiek/pdftexcmds.sty
Package: pdftexcmds 2018/09/10 v0.29 Utility functions of pdfTeX for LuaTeX (HO
)
Package pdftexcmds Info: LuaTeX not detected.
Package pdftexcmds Info: \pdf@primitive is available.
Package pdftexcmds Info: \pdf@ifprimitive is available.
Package pdftexcmds Info: \pdfdraftmode found.
)
Package epstopdf-base Info: Redefining graphics rule for `.eps' on input line 4
38.
Package grfext Info: Graphics extension search list:
(grfext)             [.pdf,.png,.jpg,.mps,.jpeg,.jbig2,.jb2,.PDF,.PNG,.JPG,.JPE
G,.JBIG2,.JB2,.eps]
(grfext)             \AppendGraphicsExtensions on input line 456.

(/usr/share/texlive/texmf-dist/tex/latex/latexconfig/epstopdf-sys.cfg
File: epstopdf-sys.cfg 2010/07/13 v1.3 Configuration of (r)epstopdf for TeX Liv
e
))
ABD: EveryShipout initializing macros
*geometry* driver: auto-detecting
*geometry* detected driver: pdftex
*geometry* verbose mode - [ preamble ] result:
* driver: pdftex
* paper: custom
* layout: <same size as paper>
* layoutoffset:(h,v)=(0.0pt,0.0pt)
* modes: landscape 
* h-part:(L,W,R)=(19.20547pt, 1483.94342pt, 19.20547pt)
* v-part:(T,H,B)=(19.20547pt, 1038.37628pt, 19.20547pt)
* \paperwidth=1522.35437pt
* \paperheight=1076.78723pt
* \textwidth=1483.94342pt
* \textheight=1038.37628pt
* \oddsidemargin=-53.06451pt
* \evensidemargin=-53.06451pt
* \topmargin=-90.06451pt
* \headheight=12.0pt
* \headsep=25.0pt
* \topskip=10.0pt
* \footskip=30.0pt
* \marginparwidth=65.0pt
* \marginparsep=11.0pt
* \columnsep=14.99634pt
* \skip\footins=9.0pt plus 4.0pt minus 2.0pt
* \hoffset=0.0pt
* \voffset=0.0pt
* \mag=1000
* \@twocolumnfalse
* \@twosidefalse
* \@mparswitchfalse
* \@reversemarginfalse
* (1in=72.27pt=25.4mm, 1cm=28.453pt)

Package caption Info: Begin \AtBeginDocument code.
Package caption Info: End \AtBeginDocument code.
LaTeX Font Info:    Try loading font information for U+msa on input line 219.
(/usr/share/texlive/texmf-dist/tex/latex/amsfonts/umsa.fd
File: umsa.fd 2013/01/14 v3.01 AMS symbols A
)
LaTeX Font Info:    Try loading font information for U+msb on input line 219.

(/usr/share/texlive/texmf-dist/tex/latex/amsfonts/umsb.fd
File: umsb.fd 2013/01/14 v3.01 AMS symbols B
)
<images/IAP-Logo-DE_Blau_RGB.png, id=31, 4381.7301pt x 1707.2583pt>
File: images/IAP-Logo-DE_Blau_RGB.png Graphic file (type png)
<use images/IAP-Logo-DE_Blau_RGB.png>
Package pdftex.def Info: images/IAP-Logo-DE_Blau_RGB.png  used on input line 21
9.
(pdftex.def)             Requested size: 218.09644pt x 85.0pt.
<images/Leibniz-Gemeinschaft-Logo-D_schwarz-300dpi.jpg, id=33, 113.7048pt x 113
.7048pt>
File: images/Leibniz-Gemeinschaft-Logo-D_schwarz-300dpi.jpg Graphic file (type 
jpg)
<use images/Leibniz-Gemeinschaft-Logo-D_schwarz-300dpi.jpg>
Package pdftex.def Info: images/Leibniz-Gemeinschaft-Logo-D_schwarz-300dpi.jpg 
 used on input line 219.
(pdftex.def)             Requested size: 99.00044pt x 98.99994pt.
<images/egu26-blue-circle-logo.png, id=34, 189.70876pt x 190.7125pt>
File: images/egu26-blue-circle-logo.png Graphic file (type png)
<use images/egu26-blue-circle-logo.png>
Package pdftex.def Info: images/egu26-blue-circle-logo.png  used on input line 
219.
(pdftex.def)             Requested size: 79.5787pt x 80.0pt.
LaTeX Font Info:    Font shape `T1/ppl/bx/n' in size <10> not available
(Font)              Font shape `T1/ppl/b/n' tried instead on input line 219.
LaTeX Font Info:    Font shape `T1/ppl/bx/n' in size <24.88> not available
(Font)              Font shape `T1/ppl/b/n' tried instead on input line 219.
LaTeX Font Info:    Font shape `T1/ppl/bx/n' in size <14.4> not available
(Font)              Font shape `T1/ppl/b/n' tried instead on input line 219.
LaTeX Font Info:    Try loading font information for T1+pcr on input line 219.

(/usr/share/texlive/texmf-dist/tex/latex/psnfss/t1pcr.fd
File: t1pcr.fd 2001/06/04 font definitions for T1/pcr.
)
<images/cropped-Logo-Euliaa.png, id=35, 217.81375pt x 220.825pt>
File: images/cropped-Logo-Euliaa.png Graphic file (type png)
<use images/cropped-Logo-Euliaa.png>
Package pdftex.def Info: images/cropped-Logo-Euliaa.png  used on input line 270
.
(pdftex.def)             Requested size: 71.87875pt x 72.87247pt.

Overfull \hbox (7.50732pt too wide) in alignment at lines 270--270
[][]
 []

LaTeX Font Info:    Try loading font information for OMS+ppl on input line 270.

(/usr/share/texlive/texmf-dist/tex/latex/psnfss/omsppl.fd
File: omsppl.fd 
)
LaTeX Font Info:    Font shape `OMS/ppl/m/n' in size <10> not available
(Font)              Font shape `OMS/cmsy/m/n' tried instead on input line 270.
Missing character: There is no ; in font nullfont!
Missing character: There is no ; in font nullfont!
LaTeX Font Info:    Font shape `T1/ppl/bx/n' in size <17.28> not available
(Font)              Font shape `T1/ppl/b/n' tried instead on input line 270.
Missing character: There is no ; in font nullfont!
<images/Norway_Andoya_inset.png, id=40, 289.8027pt x 304.9794pt>
File: images/Norway_Andoya_inset.png Graphic file (type png)
<use images/Norway_Andoya_inset.png>
Package pdftex.def Info: images/Norway_Andoya_inset.png  used on input line 298
.
(pdftex.def)             Requested size: 136.48141pt x 143.62886pt.
<images/last0023.jpg, id=41, 2168.1pt x 3854.4pt>
File: images/last0023.jpg Graphic file (type jpg)
<use images/last0023.jpg>
Package pdftex.def Info: images/last0023.jpg  used on input line 298.
(pdftex.def)             Requested size: 136.48141pt x 242.605pt.

Underfull \hbox (badness 10000) in paragraph at lines 298--298

 []

Missing character: There is no ; in font nullfont!
Missing character: There is no ; in font nullfont!
Missing character: There is no ; in font nullfont!
<images/EULIAA_L1_2026-01-20_16-36-00_dT15min_dH200m_OL_BSC_ZFOV_17_00_20_00.pn
g, id=42, 6323.625pt x 4215.75pt>
File: images/EULIAA_L1_2026-01-20_16-36-00_dT15min_dH200m_OL_BSC_ZFOV_17_00_20_
00.png Graphic file (type png)
<use images/EULIAA_L1_2026-01-20_16-36-00_dT15min_dH200m_OL_BSC_ZFOV_17_00_20_0
0.png>
Package pdftex.def Info: images/EULIAA_L1_2026-01-20_16-36-00_dT15min_dH200m_OL
_BSC_ZFOV_17_00_20_00.png  used on input line 397.
(pdftex.def)             Requested size: 202.48068pt x 134.95822pt.
<images/EULIAA_L1_2026-01-21_12-48-00_dT15min_dH200m_OL_BSC_ZFOV_13_00_21_00.pn
g, id=43, 6323.625pt x 4215.75pt>
File: images/EULIAA_L1_2026-01-21_12-48-00_dT15min_dH200m_OL_BSC_ZFOV_13_00_21_
00.png Graphic file (type png)
<use images/EULIAA_L1_2026-01-21_12-48-00_dT15min_dH200m_OL_BSC_ZFOV_13_00_21_0
0.png>
Package pdftex.def Info: images/EULIAA_L1_2026-01-21_12-48-00_dT15min_dH200m_OL
_BSC_ZFOV_13_00_21_00.png  used on input line 397.
(pdftex.def)             Requested size: 202.48068pt x 134.95822pt.
<images/EULIAA_L1_2026-01-22_00-00-00_dT15min_dH200m_OL_BSC_ZFOV_12_00_22_00.pn
g, id=44, 6323.625pt x 4215.75pt>
File: images/EULIAA_L1_2026-01-22_00-00-00_dT15min_dH200m_OL_BSC_ZFOV_12_00_22_
00.png Graphic file (type png)
<use images/EULIAA_L1_2026-01-22_00-00-00_dT15min_dH200m_OL_BSC_ZFOV_12_00_22_0
0.png>
Package pdftex.def Info: images/EULIAA_L1_2026-01-22_00-00-00_dT15min_dH200m_OL
_BSC_ZFOV_12_00_22_00.png  used on input line 397.
(pdftex.def)             Requested size: 202.48068pt x 134.95822pt.
<images/EULIAA_L1_2026-01-23_00-00-00_dT15min_dH200m_OL_BSC_ZFOV_08_00_22_00.pn
g, id=45, 6323.625pt x 4215.75pt>
File: images/EULIAA_L1_2026-01-23_00-00-00_dT15min_dH200m_OL_BSC_ZFOV_08_00_22_
00.png Graphic file (type png)
<use images/EULIAA_L1_2026-01-23_00-00-00_dT15min_dH200m_OL_BSC_ZFOV_08_00_22_0
0.png>
Package pdftex.def Info: images/EULIAA_L1_2026-01-23_00-00-00_dT15min_dH200m_OL
_BSC_ZFOV_08_00_22_00.png  used on input line 397.
(pdftex.def)             Requested size: 202.48068pt x 134.95822pt.
<images/EarthCare_ATLID_20260121T2339-20260121T2350_backsct.png, id=46, 602.25p
t x 401.5pt>
File: images/EarthCare_ATLID_20260121T2339-20260121T2350_backsct.png Graphic fi
le (type png)
<use images/EarthCare_ATLID_20260121T2339-20260121T2350_backsct.png>
Package pdftex.def Info: images/EarthCare_ATLID_20260121T2339-20260121T2350_bac
ksct.png  used on input line 397.
(pdftex.def)             Requested size: 202.48068pt x 134.98885pt.
<images/EULIAA_L1_2026-01-21_12-48-00_dT15min_dH200m_OL_BSC_EFOV_13_00_21_00.pn
g, id=47, 6323.625pt x 4215.75pt>
File: images/EULIAA_L1_2026-01-21_12-48-00_dT15min_dH200m_OL_BSC_EFOV_13_00_21_
00.png Graphic file (type png)
<use images/EULIAA_L1_2026-01-21_12-48-00_dT15min_dH200m_OL_BSC_EFOV_13_00_21_0
0.png>
Package pdftex.def Info: images/EULIAA_L1_2026-01-21_12-48-00_dT15min_dH200m_OL
_BSC_EFOV_13_00_21_00.png  used on input line 397.
(pdftex.def)             Requested size: 202.48068pt x 134.95822pt.
<images/EULIAA_IR1_Andenes.png, id=48, 3936.7075pt x 5405.19376pt>
File: images/EULIAA_IR1_Andenes.png Graphic file (type png)
<use images/EULIAA_IR1_Andenes.png>
Package pdftex.def Info: images/EULIAA_IR1_Andenes.png  used on input line 397.

(pdftex.def)             Requested size: 87.46864pt x 120.0858pt.
<images/EULIAA_L1_2026-01-21_12-48-00_dT15min_dH200m_OL_BSC_NFOV_13_00_21_00.pn
g, id=49, 6323.625pt x 4215.75pt>
File: images/EULIAA_L1_2026-01-21_12-48-00_dT15min_dH200m_OL_BSC_NFOV_13_00_21_
00.png Graphic file (type png)
<use images/EULIAA_L1_2026-01-21_12-48-00_dT15min_dH200m_OL_BSC_NFOV_13_00_21_0
0.png>
Package pdftex.def Info: images/EULIAA_L1_2026-01-21_12-48-00_dT15min_dH200m_OL
_BSC_NFOV_13_00_21_00.png  used on input line 397.
(pdftex.def)             Requested size: 222.7334pt x 148.4669pt.
<images/EarthCare_ATLID_20260121T2339-20260121T2350_depol.png, id=50, 602.25pt 
x 401.5pt>
File: images/EarthCare_ATLID_20260121T2339-20260121T2350_depol.png Graphic file
 (type png)
<use images/EarthCare_ATLID_20260121T2339-20260121T2350_depol.png>
Package pdftex.def Info: images/EarthCare_ATLID_20260121T2339-20260121T2350_dep
ol.png  used on input line 397.
(pdftex.def)             Requested size: 202.48068pt x 134.98885pt.
<images/EULIAA_L1_2026-01-20_16-36-00_dT15min_dH200m_OL_DEPOL_ZFOV_17_00_20_00.
png, id=51, 5621.0pt x 3513.125pt>
File: images/EULIAA_L1_2026-01-20_16-36-00_dT15min_dH200m_OL_DEPOL_ZFOV_17_00_2
0_00.png Graphic file (type png)
<use images/EULIAA_L1_2026-01-20_16-36-00_dT15min_dH200m_OL_DEPOL_ZFOV_17_00_20
_00.png>
Package pdftex.def Info: images/EULIAA_L1_2026-01-20_16-36-00_dT15min_dH200m_OL
_DEPOL_ZFOV_17_00_20_00.png  used on input line 397.
(pdftex.def)             Requested size: 202.48068pt x 126.50992pt.
<images/EULIAA_L1_2026-01-21_12-48-00_dT15min_dH200m_OL_DEPOL_ZFOV_13_00_21_00.
png, id=52, 5621.0pt x 3513.125pt>
File: images/EULIAA_L1_2026-01-21_12-48-00_dT15min_dH200m_OL_DEPOL_ZFOV_13_00_2
1_00.png Graphic file (type png)
<use images/EULIAA_L1_2026-01-21_12-48-00_dT15min_dH200m_OL_DEPOL_ZFOV_13_00_21
_00.png>
Package pdftex.def Info: images/EULIAA_L1_2026-01-21_12-48-00_dT15min_dH200m_OL
_DEPOL_ZFOV_13_00_21_00.png  used on input line 397.
(pdftex.def)             Requested size: 202.48068pt x 126.50992pt.
<images/EULIAA_L1_2026-01-22_00-00-00_dT15min_dH200m_OL_DEPOL_ZFOV_12_00_22_00.
png, id=53, 5621.0pt x 3513.125pt>
File: images/EULIAA_L1_2026-01-22_00-00-00_dT15min_dH200m_OL_DEPOL_ZFOV_12_00_2
2_00.png Graphic file (type png)
<use images/EULIAA_L1_2026-01-22_00-00-00_dT15min_dH200m_OL_DEPOL_ZFOV_12_00_22
_00.png>
Package pdftex.def Info: images/EULIAA_L1_2026-01-22_00-00-00_dT15min_dH200m_OL
_DEPOL_ZFOV_12_00_22_00.png  used on input line 397.
(pdftex.def)             Requested size: 202.48068pt x 126.50992pt.
<images/EULIAA_L1_2026-01-23_00-00-00_dT15min_dH200m_OL_DEPOL_ZFOV_08_00_22_00.
png, id=54, 5621.0pt x 3513.125pt>
File: images/EULIAA_L1_2026-01-23_00-00-00_dT15min_dH200m_OL_DEPOL_ZFOV_08_00_2
2_00.png Graphic file (type png)
<use images/EULIAA_L1_2026-01-23_00-00-00_dT15min_dH200m_OL_DEPOL_ZFOV_08_00_22
_00.png>
Package pdftex.def Info: images/EULIAA_L1_2026-01-23_00-00-00_dT15min_dH200m_OL
_DEPOL_ZFOV_08_00_22_00.png  used on input line 397.
(pdftex.def)             Requested size: 202.48068pt x 126.50992pt.
<images/EarthCare_ATLID_20260121T2339-20260121T2350_classific.png, id=55, 602.2
5pt x 401.5pt>
File: images/EarthCare_ATLID_20260121T2339-20260121T2350_classific.png Graphic 
file (type png)
<use images/EarthCare_ATLID_20260121T2339-20260121T2350_classific.png>
Package pdftex.def Info: images/EarthCare_ATLID_20260121T2339-20260121T2350_cla
ssific.png  used on input line 397.
(pdftex.def)             Requested size: 202.48068pt x 134.98885pt.
<images/EULIAA_L1_2026-01-20_16-36-00_dT15min_dH200m_OL_DEBSC_ZFOV_17_00_20_00.
png, id=56, 602.25pt x 401.5pt>
File: images/EULIAA_L1_2026-01-20_16-36-00_dT15min_dH200m_OL_DEBSC_ZFOV_17_00_2
0_00.png Graphic file (type png)
<use images/EULIAA_L1_2026-01-20_16-36-00_dT15min_dH200m_OL_DEBSC_ZFOV_17_00_20
_00.png>
Package pdftex.def Info: images/EULIAA_L1_2026-01-20_16-36-00_dT15min_dH200m_OL
_DEBSC_ZFOV_17_00_20_00.png  used on input line 397.
(pdftex.def)             Requested size: 202.48068pt x 134.98885pt.
<images/EULIAA_L1_2026-01-21_12-48-00_dT15min_dH200m_OL_DEBSC_ZFOV_13_00_21_00.
png, id=57, 602.25pt x 401.5pt>
File: images/EULIAA_L1_2026-01-21_12-48-00_dT15min_dH200m_OL_DEBSC_ZFOV_13_00_2
1_00.png Graphic file (type png)
<use images/EULIAA_L1_2026-01-21_12-48-00_dT15min_dH200m_OL_DEBSC_ZFOV_13_00_21
_00.png>
Package pdftex.def Info: images/EULIAA_L1_2026-01-21_12-48-00_dT15min_dH200m_OL
_DEBSC_ZFOV_13_00_21_00.png  used on input line 397.
(pdftex.def)             Requested size: 202.48068pt x 134.98885pt.
<images/EULIAA_L1_2026-01-22_00-00-00_dT15min_dH200m_OL_DEBSC_ZFOV_12_00_22_00.
png, id=58, 602.25pt x 401.5pt>
File: images/EULIAA_L1_2026-01-22_00-00-00_dT15min_dH200m_OL_DEBSC_ZFOV_12_00_2
2_00.png Graphic file (type png)
<use images/EULIAA_L1_2026-01-22_00-00-00_dT15min_dH200m_OL_DEBSC_ZFOV_12_00_22
_00.png>
Package pdftex.def Info: images/EULIAA_L1_2026-01-22_00-00-00_dT15min_dH200m_OL
_DEBSC_ZFOV_12_00_22_00.png  used on input line 397.
(pdftex.def)             Requested size: 202.48068pt x 134.98885pt.
<images/EULIAA_L1_2026-01-23_00-00-00_dT15min_dH200m_OL_DEBSC_ZFOV_08_00_22_00.
png, id=59, 602.25pt x 401.5pt>
File: images/EULIAA_L1_2026-01-23_00-00-00_dT15min_dH200m_OL_DEBSC_ZFOV_08_00_2
2_00.png Graphic file (type png)
<use images/EULIAA_L1_2026-01-23_00-00-00_dT15min_dH200m_OL_DEBSC_ZFOV_08_00_22
_00.png>
Package pdftex.def Info: images/EULIAA_L1_2026-01-23_00-00-00_dT15min_dH200m_OL
_DEBSC_ZFOV_08_00_22_00.png  used on input line 397.
(pdftex.def)             Requested size: 202.48068pt x 134.98885pt.

Underfull \hbox (badness 1478) in paragraph at lines 397--397
[]$\OMS/cmsy/m/n/12 "$ \T1/ppl/m/n/12 Earth-CARE ATLID li-dar con-
 []


Overfull \hbox (82.23721pt too wide) in paragraph at lines 397--397
[][] 
 []

Missing character: There is no ; in font nullfont!
Missing character: There is no ; in font nullfont!
Missing character: There is no ; in font nullfont!
Missing character: There is no ; in font nullfont!
Missing character: There is no ; in font nullfont!
Missing character: There is no ; in font nullfont!
Missing character: There is no ; in font nullfont!
Missing character: There is no ; in font nullfont!
Missing character: There is no ; in font nullfont!
<images/FundedbytheEU.png, id=60, 993.7125pt x 221.3871pt>
File: images/FundedbytheEU.png Graphic file (type png)
<use images/FundedbytheEU.png>
Package pdftex.def Info: images/FundedbytheEU.png  used on input line 438.
(pdftex.def)             Requested size: 123.7222pt x 27.56183pt.
Missing character: There is no ; in font nullfont!
Missing character: There is no ; in font nullfont!
Missing character: There is no ; in font nullfont!
[2

{/var/lib/texmf/fonts/map/pdftex/updmap/pdftex.map} <./images/IAP-Logo-DE_Blau_
RGB.png> <./images/Leibniz-Gemeinschaft-Logo-D_schwarz-300dpi.jpg> <./images/eg
u26-blue-circle-logo.png> <./images/cropped-Logo-Euliaa.png> <./images/Norway_A
ndoya_inset.png> <./images/last0023.jpg> <./images/EULIAA_L1_2026-01-20_16-36-0
0_dT15min_dH200m_OL_BSC_ZFOV_17_00_20_00.png> <./images/EULIAA_L1_2026-01-21_12
-48-00_dT15min_dH200m_OL_BSC_ZFOV_13_00_21_00.png> <./images/EULIAA_L1_2026-01-
22_00-00-00_dT15min_dH200m_OL_BSC_ZFOV_12_00_22_00.png> <./images/EULIAA_L1_202
6-01-23_00-00-00_dT15min_dH200m_OL_BSC_ZFOV_08_00_22_00.png> <./images/EarthCar
e_ATLID_20260121T2339-20260121T2350_backsct.png> <./images/EULIAA_L1_2026-01-21
_12-48-00_dT15min_dH200m_OL_BSC_EFOV_13_00_21_00.png> <./images/EULIAA_IR1_Ande
nes.png> <./images/EULIAA_L1_2026-01-21_12-48-00_dT15min_dH200m_OL_BSC_NFOV_13_
00_21_00.png> <./images/EarthCare_ATLID_20260121T2339-20260121T2350_depol.png> 
<./images/EULIAA_L1_2026-01-20_16-36-00_dT15min_dH200m_OL_DEPOL_ZFOV_17_00_20_0
0.png> <./images/EULIAA_L1_2026-01-21_12-48-00_dT15min_dH200m_OL_DEPOL_ZFOV_13_
00_21_00.png> <./images/EULIAA_L1_2026-01-22_00-00-00_dT15min_dH200m_OL_DEPOL_Z
FOV_12_00_22_00.png> <./images/EULIAA_L1_2026-01-23_00-00-00_dT15min_dH200m_OL_
DEPOL_ZFOV_08_00_22_00.png> <./images/EarthCare_ATLID_20260121T2339-20260121T23
50_classific.png> <./images/EULIAA_L1_2026-01-20_16-36-00_dT15min_dH200m_OL_DEB
SC_ZFOV_17_00_20_00.png> <./images/EULIAA_L1_2026-01-21_12-48-00_dT15min_dH200m
_OL_DEBSC_ZFOV_13_00_21_00.png> <./images/EULIAA_L1_2026-01-22_00-00-00_dT15min
_dH200m_OL_DEBSC_ZFOV_12_00_22_00.png> <./images/EULIAA_L1_2026-01-23_00-00-00_
dT15min_dH200m_OL_DEBSC_ZFOV_08_00_22_00.png> <./images/FundedbytheEU.png>]
(./SaavedraGarfias_poster_EGU2026.aux) ) 
Here is how much of TeX's memory you used:
 18361 strings out of 492615
 371886 string characters out of 6131391
 594354 words of memory out of 5000000
 21833 multiletter control sequences out of 15000+600000
 35609 words of font info for 99 fonts, out of 8000000 for 9000
 1141 hyphenation exceptions out of 8191
 62i,19n,94p,562b,1288s stack positions out of 5000i,500n,10000p,200000b,80000s
{/usr/share/texlive/texmf-dist/fonts/en
c/dvips/base/8r.enc}</usr/share/texlive/texmf-dist/fonts/type1/public/amsfonts/
cm/cmmi10.pfb></usr/share/texlive/texmf-dist/fonts/type1/public/amsfonts/cm/cmm
i12.pfb></usr/share/texlive/texmf-dist/fonts/type1/public/amsfonts/cm/cmmi7.pfb
></usr/share/texlive/texmf-dist/fonts/type1/public/amsfonts/cm/cmmi8.pfb></usr/
share/texlive/texmf-dist/fonts/type1/public/amsfonts/cm/cmr10.pfb></usr/share/t
exlive/texmf-dist/fonts/type1/public/amsfonts/cm/cmr7.pfb></usr/share/texlive/t
exmf-dist/fonts/type1/public/amsfonts/cm/cmsy10.pfb></usr/share/texlive/texmf-d
ist/fonts/type1/public/amsfonts/cm/cmsy7.pfb></usr/share/texlive/texmf-dist/fon
ts/type1/public/amsfonts/cm/cmsy8.pfb></usr/share/texlive/texmf-dist/fonts/type
1/public/amsfonts/symbols/msam10.pfb></usr/share/texlive/texmf-dist/fonts/type1
/urw/courier/ucrr8a.pfb></usr/share/texlive/texmf-dist/fonts/type1/urw/palatino
/uplb8a.pfb></usr/share/texlive/texmf-dist/fonts/type1/urw/palatino/uplr8a.pfb>

Output written on SaavedraGarfias_poster_EGU2026.pdf (1 page, 63607599 bytes).
PDF statistics:
 125 PDF objects out of 1000 (max. 8388607)
 59 compressed objects within 1 object stream
 0 named destinations out of 1000 (max. 500000)
 252 words of extra memory for PDF output out of 10000 (max. 10000000)

